// Jest Snapshot v1, https://goo.gl/fbAQLP

exports[`<NavBar /> should match snapshot 1`] = `
<div
  className="navbar pt-0 pb-0"
>
  <div
    className="pl-4 h-20 w-100% bg-primary-5 d-flex ai-center"
  >
    <div
      className="ml-a cur-p"
    >
      <NavBarDropdown
        profile="profile.png"
        username="Muarif Gustiar"
      />
    </div>
  </div>
</div>
`;
