// Jest Snapshot v1, https://goo.gl/fbAQLP

exports[`<NavBarDropdown /> should match snapshot 1`] = `
<Dropdown
  align="start"
  autoClose={true}
  navbar={false}
>
  <DropdownToggle
    className="dropdown-toggle p-0 bg-n bd-n bd-rs-0 h-20"
  >
    <div
      className="d-flex ai-center"
    >
      <div
        className="w-2px h-20 bg-dark-contrast op-25%"
      />
      <Profile
        className="d-flex ai-center jc-center h-12 w-12 bd-rs-16 of-h mh-4"
      />
      <Username />
      <i
        className="dropdown-toggle-indicator fas fa-chevron-down tc-dark"
      />
    </div>
  </DropdownToggle>
  <DropdownMenu
    className="pos-r"
    flip={true}
  >
    <DropdownItem
      className="ph-6"
      onClick={[Function]}
    >
      <div
        className="d-flex ai-center p-lg"
      >
        <span
          className="icon mr-4 d-flex ai-center"
        >
          <i
            className="far fa-user"
          />
        </span>
        <span
          className="text"
        >
          Profile
        </span>
      </div>
    </DropdownItem>
    <span
      className="d-block h-1px w-100% bg-medium-tint op-50% mv-2"
    />
    <DropdownItem
      className="ph-6"
      onClick={[Function]}
    >
      <div
        className="d-flex ai-center p-lg tc-danger-5"
      >
        <span
          className="icon mr-4 d-flex ai-center"
        >
          <i
            className="far fa-sign-out"
          />
        </span>
        <span
          className="text"
        >
          Logout
        </span>
      </div>
    </DropdownItem>
  </DropdownMenu>
</Dropdown>
`;
