// Jest Snapshot v1, https://goo.gl/fbAQLP

exports[`<App /> should render and match the snapshot 1`] = `
<BrowserRouter>
  <Helmet
    defaultTitle="React Boilerplate"
    defer={true}
    encodeSpecialCharacters={true}
    htmlAttributes={
      Object {
        "lang": "en-US",
      }
    }
    titleTemplate="%s - React Boilerplate"
  >
    <meta
      content="A React Boilerplate application"
      name="description"
    />
  </Helmet>
  <div
    className="d-flex all-wrapper"
  >
    <Sidebar />
    <div
      className="content-wrapper w-80%"
    >
      <NavBar />
      <Switch>
        <Route
          component={[Function]}
          exact={true}
          path="/"
        />
        <Route
          component={[Function]}
          path="/BasicUI/Accordions"
        />
        <Route
          component={[Function]}
        />
      </Switch>
    </div>
  </div>
  <Memo(l) />
</BrowserRouter>
`;
